
6. Printing statistics.

=== fsm ===

   Number of wires:                 18
   Number of wire bits:             22
   Number of public wires:           5
   Number of public wire bits:       7
   Number of ports:                  4
   Number of port bits:              4
   Number of memories:               0
   Number of memory bits:            0
   Number of processes:              0
   Number of cells:                 16
     AND3_X1                         1
     AOI211_X1                       1
     AOI22_X1                        1
     DFFR_X1                         3
     INV_X1                          4
     NAND2_X1                        1
     NAND3_X1                        2
     NAND4_X1                        2
     OAI211_X1                       1

   Chip area for module '\fsm': 28.994000
     of which used for sequential elements: 15.960000 (55.05%)

