
 /----------------------------------------------------------------------------\
 |  yosys -- Yosys Open SYnthesis Suite                                       |
 |  Copyright (C) 2012 - 2025  Claire Xenia Wolf <claire@yosyshq.com>         |
 |  Distributed under an ISC-like license, type "license" to see terms        |
 \----------------------------------------------------------------------------/
 Yosys 0.53+98 (git sha1 50b63c648, g++ 14.2.1 -fPIC -O3)
[TCL: yosys -import] Command name collision: found pre-existing command `cd' -> skip.
[TCL: yosys -import] Command name collision: found pre-existing command `eval' -> skip.
[TCL: yosys -import] Command name collision: found pre-existing command `exec' -> skip.
[TCL: yosys -import] Command name collision: found pre-existing command `read' -> skip.
[TCL: yosys -import] Command name collision: found pre-existing command `trace' -> skip.

1. Executing Verilog-2005 frontend: src/fsm.sv
Parsing SystemVerilog input from `src/fsm.sv' to AST representation.
Generating RTLIL representation for module `\fsm'.
Successfully finished Verilog frontend.

2. Generating Graphviz representation of design.
Writing dot description to `./syn/pre_syn.dot'.
Dumping module fsm to page 1.
Exec: dot -Tsvg './syn/pre_syn.dot' > './syn/pre_syn.svg.new' && mv './syn/pre_syn.svg.new' './syn/pre_syn.svg'

3. Executing SYNTH pass.

3.1. Executing HIERARCHY pass (managing design hierarchy).

3.1.1. Analyzing design hierarchy..
Top module:  \fsm

3.1.2. Analyzing design hierarchy..
Top module:  \fsm
Removed 0 unused modules.

3.2. Executing PROC pass (convert processes to netlists).

3.2.1. Executing PROC_CLEAN pass (remove empty switches from decision trees).
Cleaned up 0 empty switches.

3.2.2. Executing PROC_RMDEAD pass (remove dead branches from decision trees).
Marked 1 switch rules as full_case in process $proc$src/fsm.sv:0$3 in module fsm.
Marked 1 switch rules as full_case in process $proc$src/fsm.sv:23$1 in module fsm.
Removed a total of 0 dead cases.

3.2.3. Executing PROC_PRUNE pass (remove redundant assignments in processes).
Removed 1 redundant assignment.
Promoted 1 assignment to connection.

3.2.4. Executing PROC_INIT pass (extract init attributes).

3.2.5. Executing PROC_ARST pass (detect async resets in processes).
Found async reset \nRST in `\fsm.$proc$src/fsm.sv:23$1'.

3.2.6. Executing PROC_ROM pass (convert switches to ROMs).
Converted 1 switch.

3.2.7. Executing PROC_MUX pass (convert decision trees to multiplexers).
Creating decoders for process `\fsm.$proc$src/fsm.sv:0$3'.
     1/1: $1\next[2:0]
Creating decoders for process `\fsm.$proc$src/fsm.sv:23$1'.
     1/1: $0\state[2:0]

3.2.8. Executing PROC_DLATCH pass (convert process syncs to latches).
No latch inferred for signal `\fsm.\next' from process `\fsm.$proc$src/fsm.sv:0$3'.

3.2.9. Executing PROC_DFF pass (convert process syncs to FFs).
Creating register for signal `\fsm.\state' using process `\fsm.$proc$src/fsm.sv:23$1'.
  created $adff cell `$procdff$14' with positive edge clock and positive level reset.

3.2.10. Executing PROC_MEMWR pass (convert process memory writes to cells).

3.2.11. Executing PROC_CLEAN pass (remove empty switches from decision trees).
Found and cleaned up 1 empty switch in `\fsm.$proc$src/fsm.sv:0$3'.
Removing empty process `fsm.$proc$src/fsm.sv:0$3'.
Removing empty process `fsm.$proc$src/fsm.sv:23$1'.
Cleaned up 1 empty switch.

3.2.12. Executing OPT_EXPR pass (perform const folding).
Optimizing module fsm.
<suppressed ~3 debug messages>

3.3. Executing OPT_EXPR pass (perform const folding).
Optimizing module fsm.

3.4. Executing OPT_CLEAN pass (remove unused cells and wires).
Finding unused cells or wires in module \fsm..
Removed 2 unused cells and 8 unused wires.
<suppressed ~3 debug messages>

3.5. Executing CHECK pass (checking for obvious problems).
Checking module fsm...
Found and reported 0 problems.

3.6. Executing OPT pass (performing simple optimizations).

3.6.1. Executing OPT_EXPR pass (perform const folding).
Optimizing module fsm.

3.6.2. Executing OPT_MERGE pass (detect identical cells).
Finding identical cells in module `\fsm'.
Removed a total of 0 cells.

3.6.3. Executing OPT_MUXTREE pass (detect dead branches in mux trees).
Running muxtree optimizer on module \fsm..
  Creating internal representation of mux trees.
  No muxes found in this module.
Removed 0 multiplexer ports.

3.6.4. Executing OPT_REDUCE pass (consolidate $*mux and $reduce_* inputs).
  Optimizing cells in module \fsm.
Performed a total of 0 changes.

3.6.5. Executing OPT_MERGE pass (detect identical cells).
Finding identical cells in module `\fsm'.
Removed a total of 0 cells.

3.6.6. Executing OPT_DFF pass (perform DFF optimizations).

3.6.7. Executing OPT_CLEAN pass (remove unused cells and wires).
Finding unused cells or wires in module \fsm..

3.6.8. Executing OPT_EXPR pass (perform const folding).
Optimizing module fsm.

3.6.9. Finished OPT passes. (There is nothing left to do.)

3.7. Executing FSM pass (extract and optimize FSM).

3.7.1. Executing FSM_DETECT pass (finding FSMs in design).

3.7.2. Executing FSM_EXTRACT pass (extracting FSM from design).

3.7.3. Executing FSM_OPT pass (simple optimizations of FSMs).

3.7.4. Executing OPT_CLEAN pass (remove unused cells and wires).
Finding unused cells or wires in module \fsm..

3.7.5. Executing FSM_OPT pass (simple optimizations of FSMs).

3.7.6. Executing FSM_RECODE pass (re-assigning FSM state encoding).

3.7.7. Executing FSM_INFO pass (dumping all available information on FSM cells).

3.7.8. Executing FSM_MAP pass (mapping FSMs to basic logic).

3.8. Executing OPT pass (performing simple optimizations).

3.8.1. Executing OPT_EXPR pass (perform const folding).
Optimizing module fsm.

3.8.2. Executing OPT_MERGE pass (detect identical cells).
Finding identical cells in module `\fsm'.
Removed a total of 0 cells.

3.8.3. Executing OPT_MUXTREE pass (detect dead branches in mux trees).
Running muxtree optimizer on module \fsm..
  Creating internal representation of mux trees.
  No muxes found in this module.
Removed 0 multiplexer ports.

3.8.4. Executing OPT_REDUCE pass (consolidate $*mux and $reduce_* inputs).
  Optimizing cells in module \fsm.
Performed a total of 0 changes.

3.8.5. Executing OPT_MERGE pass (detect identical cells).
Finding identical cells in module `\fsm'.
Removed a total of 0 cells.

3.8.6. Executing OPT_DFF pass (perform DFF optimizations).

3.8.7. Executing OPT_CLEAN pass (remove unused cells and wires).
Finding unused cells or wires in module \fsm..

3.8.8. Executing OPT_EXPR pass (perform const folding).
Optimizing module fsm.

3.8.9. Finished OPT passes. (There is nothing left to do.)

3.9. Executing WREDUCE pass (reducing word size of cells).
Removed top 28 address bits (of 32) from memory init port fsm.$auto$mem.cc:328:emit$8 ($auto$proc_rom.cc:155:do_switch$6).

3.10. Executing PEEPOPT pass (run peephole optimizers).

3.11. Executing OPT_CLEAN pass (remove unused cells and wires).
Finding unused cells or wires in module \fsm..

3.12. Executing ALUMACC pass (create $alu and $macc cells).
Extracting $alu and $macc cells in module fsm:
  created 0 $alu and 0 $macc cells.

3.13. Executing SHARE pass (SAT-based resource sharing).

3.14. Executing OPT pass (performing simple optimizations).

3.14.1. Executing OPT_EXPR pass (perform const folding).
Optimizing module fsm.

3.14.2. Executing OPT_MERGE pass (detect identical cells).
Finding identical cells in module `\fsm'.
Removed a total of 0 cells.

3.14.3. Executing OPT_MUXTREE pass (detect dead branches in mux trees).
Running muxtree optimizer on module \fsm..
  Creating internal representation of mux trees.
  No muxes found in this module.
Removed 0 multiplexer ports.

3.14.4. Executing OPT_REDUCE pass (consolidate $*mux and $reduce_* inputs).
  Optimizing cells in module \fsm.
Performed a total of 0 changes.

3.14.5. Executing OPT_MERGE pass (detect identical cells).
Finding identical cells in module `\fsm'.
Removed a total of 0 cells.

3.14.6. Executing OPT_DFF pass (perform DFF optimizations).

3.14.7. Executing OPT_CLEAN pass (remove unused cells and wires).
Finding unused cells or wires in module \fsm..

3.14.8. Executing OPT_EXPR pass (perform const folding).
Optimizing module fsm.

3.14.9. Finished OPT passes. (There is nothing left to do.)

3.15. Executing MEMORY pass.

3.15.1. Executing OPT_MEM pass (optimize memories).
Performed a total of 0 transformations.

3.15.2. Executing OPT_MEM_PRIORITY pass (removing unnecessary memory write priority relations).
Performed a total of 0 transformations.

3.15.3. Executing OPT_MEM_FEEDBACK pass (finding memory read-to-write feedback paths).

3.15.4. Executing MEMORY_BMUX2ROM pass (converting muxes to ROMs).

3.15.5. Executing MEMORY_DFF pass (merging $dff cells to $memrd).
Checking read port `$auto$proc_rom.cc:155:do_switch$6'[0] in module `\fsm': merging output FF to cell.

3.15.6. Executing OPT_CLEAN pass (remove unused cells and wires).
Finding unused cells or wires in module \fsm..
Removed 1 unused cells and 4 unused wires.
<suppressed ~3 debug messages>

3.15.7. Executing MEMORY_SHARE pass (consolidating $memrd/$memwr cells).

3.15.8. Executing OPT_MEM_WIDEN pass (optimize memories where all ports are wide).
Performed a total of 0 transformations.

3.15.9. Executing OPT_CLEAN pass (remove unused cells and wires).
Finding unused cells or wires in module \fsm..

3.15.10. Executing MEMORY_COLLECT pass (generating $mem cells).

3.16. Executing OPT_CLEAN pass (remove unused cells and wires).
Finding unused cells or wires in module \fsm..

3.17. Executing OPT pass (performing simple optimizations).

3.17.1. Executing OPT_EXPR pass (perform const folding).
Optimizing module fsm.

3.17.2. Executing OPT_MERGE pass (detect identical cells).
Finding identical cells in module `\fsm'.
Removed a total of 0 cells.

3.17.3. Executing OPT_DFF pass (perform DFF optimizations).

3.17.4. Executing OPT_CLEAN pass (remove unused cells and wires).
Finding unused cells or wires in module \fsm..

3.17.5. Finished fast OPT passes.

3.18. Executing MEMORY_MAP pass (converting memories to logic and flip-flops).
Mapping memory $auto$proc_rom.cc:155:do_switch$6 in module \fsm:
  created 16 $dff cells and 0 static cells of width 3.
Extracted data FF from read port 0 of fsm.$auto$proc_rom.cc:155:do_switch$6: $$auto$proc_rom.cc:155:do_switch$6$rdreg[0]
  read interface: 1 $dff and 15 $mux cells.
  write interface: 0 write mux blocks.

3.19. Executing OPT pass (performing simple optimizations).

3.19.1. Executing OPT_EXPR pass (perform const folding).
Optimizing module fsm.
<suppressed ~5 debug messages>

3.19.2. Executing OPT_MERGE pass (detect identical cells).
Finding identical cells in module `\fsm'.
Removed a total of 0 cells.

3.19.3. Executing OPT_MUXTREE pass (detect dead branches in mux trees).
Running muxtree optimizer on module \fsm..
  Creating internal representation of mux trees.
  Evaluating internal representation of mux trees.
  Analyzing evaluation results.
Removed 0 multiplexer ports.
<suppressed ~1 debug messages>

3.19.4. Executing OPT_REDUCE pass (consolidate $*mux and $reduce_* inputs).
  Optimizing cells in module \fsm.
    Consolidated identical input bits for $mux cell $memory$auto$proc_rom.cc:155:do_switch$6$rdmux[0][3][2]$48:
      Old ports: A=3'100, B=3'000, Y=$memory$auto$proc_rom.cc:155:do_switch$6$rdmux[0][2][1]$a$34
      New ports: A=1'1, B=1'0, Y=$memory$auto$proc_rom.cc:155:do_switch$6$rdmux[0][2][1]$a$34 [2]
      New connections: $memory$auto$proc_rom.cc:155:do_switch$6$rdmux[0][2][1]$a$34 [1:0] = 2'00
    Consolidated identical input bits for $mux cell $memory$auto$proc_rom.cc:155:do_switch$6$rdmux[0][3][1]$45:
      Old ports: A=3'010, B=3'011, Y=$memory$auto$proc_rom.cc:155:do_switch$6$rdmux[0][2][0]$b$32
      New ports: A=1'0, B=1'1, Y=$memory$auto$proc_rom.cc:155:do_switch$6$rdmux[0][2][0]$b$32 [0]
      New connections: $memory$auto$proc_rom.cc:155:do_switch$6$rdmux[0][2][0]$b$32 [2:1] = 2'01
    Consolidated identical input bits for $mux cell $memory$auto$proc_rom.cc:155:do_switch$6$rdmux[0][3][0]$42:
      Old ports: A=3'000, B=3'001, Y=$memory$auto$proc_rom.cc:155:do_switch$6$rdmux[0][2][0]$a$31
      New ports: A=1'0, B=1'1, Y=$memory$auto$proc_rom.cc:155:do_switch$6$rdmux[0][2][0]$a$31 [0]
      New connections: $memory$auto$proc_rom.cc:155:do_switch$6$rdmux[0][2][0]$a$31 [2:1] = 2'00
    Consolidated identical input bits for $mux cell $memory$auto$proc_rom.cc:155:do_switch$6$rdmux[0][3][3]$51:
      Old ports: A=3'001, B=3'010, Y=$memory$auto$proc_rom.cc:155:do_switch$6$rdmux[0][2][1]$b$35
      New ports: A=2'01, B=2'10, Y=$memory$auto$proc_rom.cc:155:do_switch$6$rdmux[0][2][1]$b$35 [1:0]
      New connections: $memory$auto$proc_rom.cc:155:do_switch$6$rdmux[0][2][1]$b$35 [2] = 1'0
    Consolidated identical input bits for $mux cell $memory$auto$proc_rom.cc:155:do_switch$6$rdmux[0][3][4]$54:
      Old ports: A=3'011, B=3'100, Y=$memory$auto$proc_rom.cc:155:do_switch$6$rdmux[0][2][2]$a$37
      New ports: A=2'01, B=2'10, Y={ $memory$auto$proc_rom.cc:155:do_switch$6$rdmux[0][2][2]$a$37 [2] $memory$auto$proc_rom.cc:155:do_switch$6$rdmux[0][2][2]$a$37 [0] }
      New connections: $memory$auto$proc_rom.cc:155:do_switch$6$rdmux[0][2][2]$a$37 [1] = $memory$auto$proc_rom.cc:155:do_switch$6$rdmux[0][2][2]$a$37 [0]
  Optimizing cells in module \fsm.
    Consolidated identical input bits for $mux cell $memory$auto$proc_rom.cc:155:do_switch$6$rdmux[0][2][2]$36:
      Old ports: A=$memory$auto$proc_rom.cc:155:do_switch$6$rdmux[0][2][2]$a$37, B=3'000, Y=$memory$auto$proc_rom.cc:155:do_switch$6$rdmux[0][1][1]$a$28
      New ports: A={ $memory$auto$proc_rom.cc:155:do_switch$6$rdmux[0][2][2]$a$37 [2] $memory$auto$proc_rom.cc:155:do_switch$6$rdmux[0][2][2]$a$37 [0] }, B=2'00, Y={ $memory$auto$proc_rom.cc:155:do_switch$6$rdmux[0][1][1]$a$28 [2] $memory$auto$proc_rom.cc:155:do_switch$6$rdmux[0][1][1]$a$28 [0] }
      New connections: $memory$auto$proc_rom.cc:155:do_switch$6$rdmux[0][1][1]$a$28 [1] = $memory$auto$proc_rom.cc:155:do_switch$6$rdmux[0][1][1]$a$28 [0]
    Consolidated identical input bits for $mux cell $memory$auto$proc_rom.cc:155:do_switch$6$rdmux[0][2][0]$30:
      Old ports: A=$memory$auto$proc_rom.cc:155:do_switch$6$rdmux[0][2][0]$a$31, B=$memory$auto$proc_rom.cc:155:do_switch$6$rdmux[0][2][0]$b$32, Y=$memory$auto$proc_rom.cc:155:do_switch$6$rdmux[0][1][0]$a$25
      New ports: A={ 1'0 $memory$auto$proc_rom.cc:155:do_switch$6$rdmux[0][2][0]$a$31 [0] }, B={ 1'1 $memory$auto$proc_rom.cc:155:do_switch$6$rdmux[0][2][0]$b$32 [0] }, Y=$memory$auto$proc_rom.cc:155:do_switch$6$rdmux[0][1][0]$a$25 [1:0]
      New connections: $memory$auto$proc_rom.cc:155:do_switch$6$rdmux[0][1][0]$a$25 [2] = 1'0
  Optimizing cells in module \fsm.
    Consolidated identical input bits for $mux cell $memory$auto$proc_rom.cc:155:do_switch$6$rdmux[0][1][1]$27:
      Old ports: A=$memory$auto$proc_rom.cc:155:do_switch$6$rdmux[0][1][1]$a$28, B=3'000, Y=$memory$auto$proc_rom.cc:155:do_switch$6$rdmux[0][0][0]$b$23
      New ports: A={ $memory$auto$proc_rom.cc:155:do_switch$6$rdmux[0][1][1]$a$28 [2] $memory$auto$proc_rom.cc:155:do_switch$6$rdmux[0][1][1]$a$28 [0] }, B=2'00, Y={ $memory$auto$proc_rom.cc:155:do_switch$6$rdmux[0][0][0]$b$23 [2] $memory$auto$proc_rom.cc:155:do_switch$6$rdmux[0][0][0]$b$23 [0] }
      New connections: $memory$auto$proc_rom.cc:155:do_switch$6$rdmux[0][0][0]$b$23 [1] = $memory$auto$proc_rom.cc:155:do_switch$6$rdmux[0][0][0]$b$23 [0]
  Optimizing cells in module \fsm.
Performed a total of 8 changes.

3.19.5. Executing OPT_MERGE pass (detect identical cells).
Finding identical cells in module `\fsm'.
<suppressed ~6 debug messages>
Removed a total of 2 cells.

3.19.6. Executing OPT_SHARE pass.

3.19.7. Executing OPT_DFF pass (perform DFF optimizations).

3.19.8. Executing OPT_CLEAN pass (remove unused cells and wires).
Finding unused cells or wires in module \fsm..
Removed 1 unused cells and 23 unused wires.
<suppressed ~2 debug messages>

3.19.9. Executing OPT_EXPR pass (perform const folding).
Optimizing module fsm.
<suppressed ~2 debug messages>

3.19.10. Rerunning OPT passes. (Maybe there is more to do..)

3.19.11. Executing OPT_MUXTREE pass (detect dead branches in mux trees).
Running muxtree optimizer on module \fsm..
  Creating internal representation of mux trees.
  Evaluating internal representation of mux trees.
  Analyzing evaluation results.
Removed 0 multiplexer ports.
<suppressed ~2 debug messages>

3.19.12. Executing OPT_REDUCE pass (consolidate $*mux and $reduce_* inputs).
  Optimizing cells in module \fsm.
    Consolidated identical input bits for $mux cell $memory$auto$proc_rom.cc:155:do_switch$6$rdmux[0][2][0]$30:
      Old ports: A={ 1'0 $memory$auto$proc_rom.cc:155:do_switch$6$rdmux[0][2][0]$a$31 [0] }, B={ 1'1 $memory$auto$proc_rom.cc:155:do_switch$6$rdmux[0][2][0]$a$31 [0] }, Y=$memory$auto$proc_rom.cc:155:do_switch$6$rdmux[0][1][0]$a$25 [1:0]
      New ports: A=1'0, B=1'1, Y=$memory$auto$proc_rom.cc:155:do_switch$6$rdmux[0][1][0]$a$25 [1]
      New connections: $memory$auto$proc_rom.cc:155:do_switch$6$rdmux[0][1][0]$a$25 [0] = \data
  Optimizing cells in module \fsm.
Performed a total of 1 changes.

3.19.13. Executing OPT_MERGE pass (detect identical cells).
Finding identical cells in module `\fsm'.
Removed a total of 0 cells.

3.19.14. Executing OPT_SHARE pass.

3.19.15. Executing OPT_DFF pass (perform DFF optimizations).

3.19.16. Executing OPT_CLEAN pass (remove unused cells and wires).
Finding unused cells or wires in module \fsm..
Removed 0 unused cells and 1 unused wires.
<suppressed ~1 debug messages>

3.19.17. Executing OPT_EXPR pass (perform const folding).
Optimizing module fsm.
<suppressed ~1 debug messages>

3.19.18. Rerunning OPT passes. (Maybe there is more to do..)

3.19.19. Executing OPT_MUXTREE pass (detect dead branches in mux trees).
Running muxtree optimizer on module \fsm..
  Creating internal representation of mux trees.
  Evaluating internal representation of mux trees.
  Analyzing evaluation results.
Removed 0 multiplexer ports.
<suppressed ~2 debug messages>

3.19.20. Executing OPT_REDUCE pass (consolidate $*mux and $reduce_* inputs).
  Optimizing cells in module \fsm.
Performed a total of 0 changes.

3.19.21. Executing OPT_MERGE pass (detect identical cells).
Finding identical cells in module `\fsm'.
Removed a total of 0 cells.

3.19.22. Executing OPT_SHARE pass.

3.19.23. Executing OPT_DFF pass (perform DFF optimizations).

3.19.24. Executing OPT_CLEAN pass (remove unused cells and wires).
Finding unused cells or wires in module \fsm..
Removed 0 unused cells and 1 unused wires.
<suppressed ~1 debug messages>

3.19.25. Executing OPT_EXPR pass (perform const folding).
Optimizing module fsm.

3.19.26. Rerunning OPT passes. (Maybe there is more to do..)

3.19.27. Executing OPT_MUXTREE pass (detect dead branches in mux trees).
Running muxtree optimizer on module \fsm..
  Creating internal representation of mux trees.
  Evaluating internal representation of mux trees.
  Analyzing evaluation results.
Removed 0 multiplexer ports.
<suppressed ~2 debug messages>

3.19.28. Executing OPT_REDUCE pass (consolidate $*mux and $reduce_* inputs).
  Optimizing cells in module \fsm.
Performed a total of 0 changes.

3.19.29. Executing OPT_MERGE pass (detect identical cells).
Finding identical cells in module `\fsm'.
Removed a total of 0 cells.

3.19.30. Executing OPT_SHARE pass.

3.19.31. Executing OPT_DFF pass (perform DFF optimizations).

3.19.32. Executing OPT_CLEAN pass (remove unused cells and wires).
Finding unused cells or wires in module \fsm..

3.19.33. Executing OPT_EXPR pass (perform const folding).
Optimizing module fsm.

3.19.34. Finished OPT passes. (There is nothing left to do.)

3.20. Executing TECHMAP pass (map to technology primitives).

3.20.1. Executing Verilog-2005 frontend: /package/asicfab/yosys/share/techmap.v
Parsing Verilog input from `/package/asicfab/yosys/share/techmap.v' to AST representation.
Generating RTLIL representation for module `\_90_simplemap_bool_ops'.
Generating RTLIL representation for module `\_90_simplemap_reduce_ops'.
Generating RTLIL representation for module `\_90_simplemap_logic_ops'.
Generating RTLIL representation for module `\_90_simplemap_compare_ops'.
Generating RTLIL representation for module `\_90_simplemap_various'.
Generating RTLIL representation for module `\_90_simplemap_registers'.
Generating RTLIL representation for module `\_90_shift_ops_shr_shl_sshl_sshr'.
Generating RTLIL representation for module `\_90_shift_shiftx'.
Generating RTLIL representation for module `\_90_fa'.
Generating RTLIL representation for module `\_90_lcu_brent_kung'.
Generating RTLIL representation for module `\_90_alu'.
Generating RTLIL representation for module `\_90_macc'.
Generating RTLIL representation for module `\_90_alumacc'.
Generating RTLIL representation for module `\$__div_mod_u'.
Generating RTLIL representation for module `\$__div_mod_trunc'.
Generating RTLIL representation for module `\_90_div'.
Generating RTLIL representation for module `\_90_mod'.
Generating RTLIL representation for module `\$__div_mod_floor'.
Generating RTLIL representation for module `\_90_divfloor'.
Generating RTLIL representation for module `\_90_modfloor'.
Generating RTLIL representation for module `\_90_pow'.
Generating RTLIL representation for module `\_90_pmux'.
Generating RTLIL representation for module `\_90_demux'.
Generating RTLIL representation for module `\_90_lut'.
Successfully finished Verilog frontend.

3.20.2. Continuing TECHMAP pass.
Using extmapper simplemap for cells of type $mux.
Using extmapper simplemap for cells of type $logic_not.
Using extmapper simplemap for cells of type $adff.
Using extmapper simplemap for cells of type $not.
No more expansions possible.
<suppressed ~84 debug messages>

3.21. Executing OPT pass (performing simple optimizations).

3.21.1. Executing OPT_EXPR pass (perform const folding).
Optimizing module fsm.
<suppressed ~1 debug messages>

3.21.2. Executing OPT_MERGE pass (detect identical cells).
Finding identical cells in module `\fsm'.
<suppressed ~6 debug messages>
Removed a total of 2 cells.

3.21.3. Executing OPT_DFF pass (perform DFF optimizations).

3.21.4. Executing OPT_CLEAN pass (remove unused cells and wires).
Finding unused cells or wires in module \fsm..
Removed 0 unused cells and 1 unused wires.
<suppressed ~1 debug messages>

3.21.5. Finished fast OPT passes.

3.22. Executing ABC pass (technology mapping using ABC).

3.22.1. Extracting gate netlist of module `\fsm' to `<abc-temp-dir>/input.blif'..
Extracted 16 gates and 21 wires to a netlist network with 4 inputs and 4 outputs.

3.22.1.1. Executing ABC.
Running ABC command: "<yosys-exe-dir>/yosys-abc" -s -f <abc-temp-dir>/abc.script 2>&1
ABC: ABC command line: "source <abc-temp-dir>/abc.script".
ABC: 
ABC: + read_blif <abc-temp-dir>/input.blif 
ABC: + read_library <abc-temp-dir>/stdcells.genlib 
ABC: + strash 
ABC: + dretime 
ABC: + map 
ABC: + write_blif <abc-temp-dir>/output.blif 

3.22.1.2. Re-integrating ABC results.
ABC RESULTS:               AND cells:        1
ABC RESULTS:            ANDNOT cells:        5
ABC RESULTS:               MUX cells:        5
ABC RESULTS:               NOT cells:        2
ABC RESULTS:                OR cells:        2
ABC RESULTS:             ORNOT cells:        1
ABC RESULTS:        internal signals:       13
ABC RESULTS:           input signals:        4
ABC RESULTS:          output signals:        4
Removing temp directory.

3.23. Executing OPT pass (performing simple optimizations).

3.23.1. Executing OPT_EXPR pass (perform const folding).
Optimizing module fsm.
<suppressed ~4 debug messages>

3.23.2. Executing OPT_MERGE pass (detect identical cells).
Finding identical cells in module `\fsm'.
Removed a total of 0 cells.

3.23.3. Executing OPT_DFF pass (perform DFF optimizations).

3.23.4. Executing OPT_CLEAN pass (remove unused cells and wires).
Finding unused cells or wires in module \fsm..
Removed 0 unused cells and 15 unused wires.
<suppressed ~1 debug messages>

3.23.5. Finished fast OPT passes.

3.24. Executing HIERARCHY pass (managing design hierarchy).
Attribute `top' found on module `fsm'. Setting top module to fsm.

3.24.1. Analyzing design hierarchy..
Top module:  \fsm

3.24.2. Analyzing design hierarchy..
Top module:  \fsm
Removed 0 unused modules.

3.25. Printing statistics.

=== fsm ===

   Number of wires:                 18
   Number of wire bits:             22
   Number of public wires:           5
   Number of public wire bits:       7
   Number of ports:                  4
   Number of port bits:              4
   Number of memories:               0
   Number of memory bits:            0
   Number of processes:              0
   Number of cells:                 19
     $_ANDNOT_                       5
     $_AND_                          1
     $_DFF_PN0_                      3
     $_MUX_                          5
     $_NOT_                          2
     $_ORNOT_                        1
     $_OR_                           2

3.26. Executing CHECK pass (checking for obvious problems).
Checking module fsm...
Found and reported 0 problems.

4. Executing DFFLIBMAP pass (mapping DFF cells to sequential cells from liberty file).
  cell DFF_X1 (noninv, pins=4, area=4.52) is a direct match for cell type $_DFF_P_.
  cell DFFR_X1 (noninv, pins=5, area=5.32) is a direct match for cell type $_DFF_PN0_.
  cell DFFS_X1 (noninv, pins=5, area=5.32) is a direct match for cell type $_DFF_PN1_.
  cell DFFRS_X1 (noninv, pins=6, area=6.38) is a direct match for cell type $_DFFSR_PNN_.
  final dff cell mappings:
    unmapped dff cell: $_DFF_N_
    \DFF_X1 _DFF_P_ (.CK( C), .D( D), .Q( Q), .QN(~Q));
    unmapped dff cell: $_DFF_NN0_
    unmapped dff cell: $_DFF_NN1_
    unmapped dff cell: $_DFF_NP0_
    unmapped dff cell: $_DFF_NP1_
    \DFFR_X1 _DFF_PN0_ (.CK( C), .D( D), .Q( Q), .QN(~Q), .RN( R));
    \DFFS_X1 _DFF_PN1_ (.CK( C), .D( D), .Q( Q), .QN(~Q), .SN( R));
    unmapped dff cell: $_DFF_PP0_
    unmapped dff cell: $_DFF_PP1_
    unmapped dff cell: $_DFFE_NN_
    unmapped dff cell: $_DFFE_NP_
    unmapped dff cell: $_DFFE_PN_
    unmapped dff cell: $_DFFE_PP_
    unmapped dff cell: $_DFFSR_NNN_
    unmapped dff cell: $_DFFSR_NNP_
    unmapped dff cell: $_DFFSR_NPN_
    unmapped dff cell: $_DFFSR_NPP_
    \DFFRS_X1 _DFFSR_PNN_ (.CK( C), .D( D), .Q( Q), .QN(~Q), .RN( R), .SN( S));
    unmapped dff cell: $_DFFSR_PNP_
    unmapped dff cell: $_DFFSR_PPN_
    unmapped dff cell: $_DFFSR_PPP_

4.1. Executing DFFLEGALIZE pass (convert FFs to types supported by the target).
<suppressed ~8 debug messages>
Mapping DFF cells in module `\fsm':
  mapped 3 $_DFF_PN0_ cells to \DFFR_X1 cells.

5. Executing ABC pass (technology mapping using ABC).

5.1. Summary of detected clock domains:
  19 cells in clk={ }, en={ }, arst={ }, srst={ }

5.2. Extracting gate netlist of module `\fsm' to `<abc-temp-dir>/input.blif'..
No matching clock domain found. Not extracting any FF cells.
Extracted 16 gates and 22 wires to a netlist network with 6 inputs and 4 outputs.

5.2.1. Executing ABC.
Running ABC command: "<yosys-exe-dir>/yosys-abc" -s -f <abc-temp-dir>/abc.script 2>&1
ABC: ABC command line: "source <abc-temp-dir>/abc.script".
ABC: 
ABC: + read_blif <abc-temp-dir>/input.blif 
ABC: + read_lib -w /package/eda/cells/NanGate_45nm_OCL_v2010_12/pdk_v1.3_v2010_12/NangateOpenCellLibrary_PDKv1_3_v2010_12/Front_End/Liberty/NLDM/NangateOpenCellLibrary_typical.lib 
ABC: Parsing finished successfully.  Parsing time =     0.04 sec
ABC: Scl_LibertyReadGenlib() skipped cell "ANTENNA_X1" due to dont_use attribute.
ABC: Scl_LibertyReadGenlib() skipped cell "CLKGATETST_X1" without logic function.
ABC: Scl_LibertyReadGenlib() skipped cell "CLKGATETST_X2" without logic function.
ABC: Scl_LibertyReadGenlib() skipped cell "CLKGATETST_X4" without logic function.
ABC: Scl_LibertyReadGenlib() skipped cell "CLKGATETST_X8" without logic function.
ABC: Scl_LibertyReadGenlib() skipped cell "CLKGATE_X1" without logic function.
ABC: Scl_LibertyReadGenlib() skipped cell "CLKGATE_X2" without logic function.
ABC: Scl_LibertyReadGenlib() skipped cell "CLKGATE_X4" without logic function.
ABC: Scl_LibertyReadGenlib() skipped cell "CLKGATE_X8" without logic function.
ABC: Scl_LibertyReadGenlib() skipped sequential cell "DFFRS_X1".
ABC: Scl_LibertyReadGenlib() skipped sequential cell "DFFRS_X2".
ABC: Scl_LibertyReadGenlib() skipped sequential cell "DFFR_X1".
ABC: Scl_LibertyReadGenlib() skipped sequential cell "DFFR_X2".
ABC: Scl_LibertyReadGenlib() skipped sequential cell "DFFS_X1".
ABC: Scl_LibertyReadGenlib() skipped sequential cell "DFFS_X2".
ABC: Scl_LibertyReadGenlib() skipped sequential cell "DFF_X1".
ABC: Scl_LibertyReadGenlib() skipped sequential cell "DFF_X2".
ABC: Scl_LibertyReadGenlib() skipped sequential cell "DLH_X1".
ABC: Scl_LibertyReadGenlib() skipped sequential cell "DLH_X2".
ABC: Scl_LibertyReadGenlib() skipped sequential cell "DLL_X1".
ABC: Scl_LibertyReadGenlib() skipped sequential cell "DLL_X2".
ABC: Scl_LibertyReadGenlib() skipped cell "FILLCELL_X1" due to dont_use attribute.
ABC: Scl_LibertyReadGenlib() skipped cell "FILLCELL_X2" due to dont_use attribute.
ABC: Scl_LibertyReadGenlib() skipped cell "FILLCELL_X4" due to dont_use attribute.
ABC: Scl_LibertyReadGenlib() skipped cell "FILLCELL_X8" due to dont_use attribute.
ABC: Scl_LibertyReadGenlib() skipped cell "FILLCELL_X16" due to dont_use attribute.
ABC: Scl_LibertyReadGenlib() skipped cell "FILLCELL_X32" due to dont_use attribute.
ABC: Scl_LibertyReadGenlib() skipped cell "LOGIC0_X1" due to dont_use attribute.
ABC: Scl_LibertyReadGenlib() skipped cell "LOGIC1_X1" due to dont_use attribute.
ABC: Scl_LibertyReadGenlib() skipped sequential cell "SDFFRS_X1".
ABC: Scl_LibertyReadGenlib() skipped sequential cell "SDFFRS_X2".
ABC: Scl_LibertyReadGenlib() skipped sequential cell "SDFFR_X1".
ABC: Scl_LibertyReadGenlib() skipped sequential cell "SDFFR_X2".
ABC: Scl_LibertyReadGenlib() skipped sequential cell "SDFFS_X1".
ABC: Scl_LibertyReadGenlib() skipped sequential cell "SDFFS_X2".
ABC: Scl_LibertyReadGenlib() skipped sequential cell "SDFF_X1".
ABC: Scl_LibertyReadGenlib() skipped sequential cell "SDFF_X2".
ABC: Scl_LibertyReadGenlib() skipped three-state cell "TBUF_X1".
ABC: Scl_LibertyReadGenlib() skipped three-state cell "TBUF_X2".
ABC: Scl_LibertyReadGenlib() skipped three-state cell "TBUF_X4".
ABC: Scl_LibertyReadGenlib() skipped three-state cell "TBUF_X8".
ABC: Scl_LibertyReadGenlib() skipped three-state cell "TBUF_X16".
ABC: Scl_LibertyReadGenlib() skipped three-state cell "TINV_X1".
ABC: Scl_LibertyReadGenlib() skipped sequential cell "TLAT_X1".
ABC: Library "NangateOpenCellLibrary" from "/package/eda/cells/NanGate_45nm_OCL_v2010_12/pdk_v1.3_v2010_12/NangateOpenCellLibrary_PDKv1_3_v2010_12/Front_End/Liberty/NLDM/NangateOpenCellLibrary_typical.lib" has 90 cells (35 skipped: 21 seq; 6 tri-state; 8 no func; 9 dont_use).  Time =     0.07 sec
ABC: Memory =   11.38 MB. Time =     0.07 sec
ABC: Warning: Detected 2 multi-output gates (for example, "FA_X1").
ABC: + strash 
ABC: + &get -n 
ABC: + &fraig -x 
ABC: + &put 
ABC: + scorr 
ABC: Warning: The network is combinational (run "fraig" or "fraig_sweep").
ABC: + dc2 
ABC: + dretime 
ABC: + strash 
ABC: + &get -n 
ABC: + &dch -f 
ABC: + &nf 
ABC: + &put 
ABC: + write_blif <abc-temp-dir>/output.blif 

5.2.2. Re-integrating ABC results.
ABC RESULTS:           AND3_X1 cells:        1
ABC RESULTS:         AOI211_X1 cells:        1
ABC RESULTS:          AOI22_X1 cells:        1
ABC RESULTS:            INV_X1 cells:        4
ABC RESULTS:          NAND2_X1 cells:        1
ABC RESULTS:          NAND3_X1 cells:        2
ABC RESULTS:          NAND4_X1 cells:        2
ABC RESULTS:         OAI211_X1 cells:        1
ABC RESULTS:        internal signals:       12
ABC RESULTS:           input signals:        6
ABC RESULTS:          output signals:        4
Removing temp directory.
Removed 0 unused cells and 24 unused wires.

6. Printing statistics.

=== fsm ===

   Number of wires:                 18
   Number of wire bits:             22
   Number of public wires:           5
   Number of public wire bits:       7
   Number of ports:                  4
   Number of port bits:              4
   Number of memories:               0
   Number of memory bits:            0
   Number of processes:              0
   Number of cells:                 16
     AND3_X1                         1
     AOI211_X1                       1
     AOI22_X1                        1
     DFFR_X1                         3
     INV_X1                          4
     NAND2_X1                        1
     NAND3_X1                        2
     NAND4_X1                        2
     OAI211_X1                       1

   Chip area for module '\fsm': 28.994000
     of which used for sequential elements: 15.960000 (55.05%)

7. Executing Verilog backend.

7.1. Executing BMUXMAP pass.

7.2. Executing DEMUXMAP pass.
Dumping module `\fsm'.

8. Generating Graphviz representation of design.
Writing dot description to `./syn/post_syn.dot'.
Dumping module fsm to page 1.
Exec: dot -Tsvg './syn/post_syn.dot' > './syn/post_syn.svg.new' && mv './syn/post_syn.svg.new' './syn/post_syn.svg'

End of script. Logfile hash: 9a63c5be81, CPU: user 0.15s system 0.03s, MEM: 38.98 MB peak
Yosys 0.53+98 (git sha1 50b63c648, g++ 14.2.1 -fPIC -O3)
Time spent: 55% 2x abc (0 sec), 14% 2x stat (0 sec), ...
